// Jest Snapshot v1, https://goo.gl/fbAQLP

exports[`renders homepage unchanged 1`] = `
<div>
  <div
    class="p-8"
  >
    <h2>
      Tasks:
    </h2>
    <ol
      class="list-decimal"
    >
      <li
        class="list-inside"
      >
        <a
          href="/search"
        >
          Real-time search
        </a>
      </li>
      <li
        class="list-inside"
      >
        <a
          href="/photo-gallery"
        >
          Photo gallery
        </a>
      </li>
    </ol>
  </div>
</div>
`;
